
> mezan@0.1.0 build-storybook
> storybook build --output-dir=C:\Users\lenovo\AppData\Local\Temp\chromatic--66472-7diRzaIkDQM1


[90m┌[39m  Building storybook v10.4.6
[90m│[39m
[32m◇[39m  Cleaning outputDir:
[90m│[39m  [36mC:/Users/lenovo/AppData/Local/Temp/chromatic--66472-7diRzaIkDQM1[39m
[90m│[39m
[32m◇[39m  Loading presets
[90m│[39m
[32m◇[39m  Building manager..
[90m│[39m
[34m●[39m  Building preview..
[90m│[39m
[33m▲[39m  No story files found for the specified pattern: [34mstories\**\*.mdx[39m
[90m│[39m
[33m▲[39m  No story files found for the specified pattern:
[90m│[39m  [34mstories\**\*.stories.@(js|jsx|mjs|ts|tsx)[39m
[90m│[39m
[34m●[39m  Copying static files: [36mpublic[39m at
[90m│[39m  [36mC:\Users\lenovo\AppData\Local\Temp\chromatic--66472-7diRzaIkDQM1[39m
[90m│[39m  [43mVite[49m [36mvite v8.1.4 [32mbuilding client environment for production...[36m[39m
[2Ktransforming...✓ 2003 modules transformed.
rendering chunks...
computing gzip size...
[90m│[39m  [43mVite[49m
[90m│[39m  C:/Users/lenovo/AppData/Local/Temp/chromatic--66472-7diRzaIkDQM1/iframe.html
[90m│[39m  19.84 kB │ gzip:   5.42 kB
[90m│[39m  C:/Users/lenovo/AppData/Local/Temp/chromatic--66472-7diRzaIkDQM1/assets/iframe-Dv5CnhsA.css
[90m│[39m  79.12 kB │ gzip:  12.38 kB
[90m│[39m  C:/Users/lenovo/AppData/Local/Temp/chromatic--66472-7diRzaIkDQM1/assets/chunk-242VQQM5-BasMOg1g.js
[90m│[39m  0.22 kB │ gzip:   0.19 kB
[90m│[39m  C:/Users/lenovo/AppData/Local/Temp/chromatic--66472-7diRzaIkDQM1/assets/chunk-S2IHWCOG-sgoZ8obj.js
[90m│[39m  0.24 kB │ gzip:   0.17 kB
[90m│[39m  C:/Users/lenovo/AppData/Local/Temp/chromatic--66472-7diRzaIkDQM1/assets/formatter-L2YTDE3Q-BAxtpGoN.js
[90m│[39m  0.28 kB │ gzip:   0.23 kB
[90m│[39m  C:/Users/lenovo/AppData/Local/Temp/chromatic--66472-7diRzaIkDQM1/assets/jsx-runtime-DjOA8AOY.js
[90m│[39m  0.43 kB │ gzip:   0.30 kB
[90m│[39m  C:/Users/lenovo/AppData/Local/Temp/chromatic--66472-7diRzaIkDQM1/assets/react-D4ZFY1ej.js
[90m│[39m  0.53 kB │ gzip:   0.33 kB
[90m│[39m  C:/Users/lenovo/AppData/Local/Temp/chromatic--66472-7diRzaIkDQM1/assets/chunk-IMSF75WX-NzCAaHar.js
[90m│[39m  0.94 kB │ gzip:   0.56 kB
[90m│[39m  C:/Users/lenovo/AppData/Local/Temp/chromatic--66472-7diRzaIkDQM1/assets/rolldown-runtime-PE7_xIU0.js
[90m│[39m  1.23 kB │ gzip:   0.68 kB
[90m│[39m  C:/Users/lenovo/AppData/Local/Temp/chromatic--66472-7diRzaIkDQM1/assets/preload-helper-C5IVwt_D.js
[90m│[39m  1.29 kB │ gzip:   0.73 kB
[90m│[39m  C:/Users/lenovo/AppData/Local/Temp/chromatic--66472-7diRzaIkDQM1/assets/lucide-react-BUZT6n_i.js
[90m│[39m  2.64 kB │ gzip:   1.34 kB
[90m│[39m  C:/Users/lenovo/AppData/Local/Temp/chromatic--66472-7diRzaIkDQM1/assets/chunk-KJHJLCBK-DERkRmQS.js
[90m│[39m  3.21 kB │ gzip:   1.37 kB
[90m│[39m  C:/Users/lenovo/AppData/Local/Temp/chromatic--66472-7diRzaIkDQM1/assets/react-dom-DXcOb3GZ.js
[90m│[39m  3.64 kB │ gzip:   1.40 kB
[90m│[39m  C:/Users/lenovo/AppData/Local/Temp/chromatic--66472-7diRzaIkDQM1/assets/chunk-3LY4VQVK-DJ65o8TN.js
[90m│[39m  4.04 kB │ gzip:   1.72 kB
[90m│[39m  C:/Users/lenovo/AppData/Local/Temp/chromatic--66472-7diRzaIkDQM1/assets/ScrollArrow.stories-CALUoFvs.js
[90m│[39m  5.21 kB │ gzip:   1.91 kB
[90m│[39m  C:/Users/lenovo/AppData/Local/Temp/chromatic--66472-7diRzaIkDQM1/assets/WeightInput.stories-Bi30pJZd.js
[90m│[39m  5.28 kB │ gzip:   1.77 kB
[90m│[39m  C:/Users/lenovo/AppData/Local/Temp/chromatic--66472-7diRzaIkDQM1/assets/Badge.stories-h3IyR127.js
[90m│[39m  6.44 kB │ gzip:   1.78 kB
[90m│[39m  C:/Users/lenovo/AppData/Local/Temp/chromatic--66472-7diRzaIkDQM1/assets/MacroPieChart.stories-CjIP0I64.js
[90m│[39m  7.21 kB │ gzip:   2.08 kB
[90m│[39m  C:/Users/lenovo/AppData/Local/Temp/chromatic--66472-7diRzaIkDQM1/assets/react-BRITX5Kl.js
[90m│[39m  7.90 kB │ gzip:   3.03 kB
[90m│[39m  C:/Users/lenovo/AppData/Local/Temp/chromatic--66472-7diRzaIkDQM1/assets/Button.stories-CAkUiY23.js
[90m│[39m  10.65 kB │ gzip:   3.14 kB
[90m│[39m  C:/Users/lenovo/AppData/Local/Temp/chromatic--66472-7diRzaIkDQM1/assets/chunk-LITCR56V-PsuxDPZW.js
[90m│[39m  22.03 kB │ gzip:   7.32 kB
[90m│[39m  C:/Users/lenovo/AppData/Local/Temp/chromatic--66472-7diRzaIkDQM1/vite-inject-mocker-entry.js
[90m│[39m  27.86 kB │ gzip:   9.66 kB
[90m│[39m  C:/Users/lenovo/AppData/Local/Temp/chromatic--66472-7diRzaIkDQM1/assets/matchers-JIUQ3HVY-DtLkkBuM.js
[90m│[39m  28.76 kB │ gzip:   9.67 kB
[90m│[39m  C:/Users/lenovo/AppData/Local/Temp/chromatic--66472-7diRzaIkDQM1/assets/Color-KMSTOMOX-14tG4K5G.js
[90m│[39m  30.98 kB │ gzip:  11.64 kB
[90m│[39m  C:/Users/lenovo/AppData/Local/Temp/chromatic--66472-7diRzaIkDQM1/assets/WithTooltip-7X4HQR7L-DFaz368o.js
[90m│[39m  32.77 kB │ gzip:  11.49 kB
[90m│[39m  C:/Users/lenovo/AppData/Local/Temp/chromatic--66472-7diRzaIkDQM1/assets/docs-tools-BKuoYNil.js
[90m│[39m  54.16 kB │ gzip:  15.29 kB
[90m│[39m  C:/Users/lenovo/AppData/Local/Temp/chromatic--66472-7diRzaIkDQM1/assets/theming-CpnXp_zo.js
[90m│[39m  55.36 kB │ gzip:  21.40 kB
[90m│[39m  C:/Users/lenovo/AppData/Local/Temp/chromatic--66472-7diRzaIkDQM1/assets/syntaxhighlighter-RTCFPKCB-_u6xoebX.js
[90m│[39m  76.55 kB │ gzip:  27.56 kB
[90m│[39m  C:/Users/lenovo/AppData/Local/Temp/chromatic--66472-7diRzaIkDQM1/assets/DocsRenderer-JROSPFPF-BkVnac7n.js
[90m│[39m  184.63 kB │ gzip:  58.67 kB
[90m│[39m  C:/Users/lenovo/AppData/Local/Temp/chromatic--66472-7diRzaIkDQM1/assets/react-18-DjKu5UBM.js
[90m│[39m  204.29 kB │ gzip:  64.20 kB
[90m│[39m  C:/Users/lenovo/AppData/Local/Temp/chromatic--66472-7diRzaIkDQM1/assets/components-DRLRmybE.js
[90m│[39m  551.43 kB │ gzip: 175.40 kB
[90m│[39m  C:/Users/lenovo/AppData/Local/Temp/chromatic--66472-7diRzaIkDQM1/assets/axe-B4kALRar.js
[90m│[39m  570.85 kB │ gzip: 155.73 kB
[90m│[39m  C:/Users/lenovo/AppData/Local/Temp/chromatic--66472-7diRzaIkDQM1/assets/iframe-Cops1yGT.js
[90m│[39m  1,197.54 kB │ gzip: 332.70 kB

[90m│[39m  [43mVite[49m [32m✓ built in 2.03s[39m
[90m│[39m
[33m▲[39m  [43mVite[49m [33m[plugin builtin:vite-reporter]
[90m│[39m  (!) Some chunks are larger than 500 kB after minification. Consider:
[90m│[39m  - Using dynamic import() to code-split the application
[90m│[39m  - Use build.rolldownOptions.output.codeSplitting to improve chunking:
[90m│[39m  ]8;;https://rolldown.rs/reference/OutputOptions.codeSplittinghttps://rolldown.rs/reference/OutputOptions.codeSplitting]8;;
[90m│[39m  - Adjust chunk size limit for this warning via
[90m│[39m  build.chunkSizeWarningLimit.[39m
[90m│[39m
[32m◇[39m  Output directory:
[90m│[39m  C:/Users/lenovo/AppData/Local/Temp/chromatic--66472-7diRzaIkDQM1
[90m│[39m
[90m└[39m  Storybook build completed successfully

