
🚫 ================================================================= 🚫
    ERROR: Invalid Commit Message Format
    Your commit was blocked because it doesn't follow the rules.
    You MUST start your message with a type (feat:, fix:, chore:, etc)

    ✅ CORRECT: git commit -m "feat: added new login button"
    ❌ WRONG:   git commit -m "added new login button"
🚫 ================================================================= 🚫


🚫 ================================================================= 🚫
    ERROR: Invalid Commit Message Format
    Your commit was blocked because it doesn't follow the rules.
    You MUST start your message with a type (feat:, fix:, chore:, etc)

    ✅ CORRECT: git commit -m "feat: added new login button"
    ❌ WRONG:   git commit -m "added new login button"
🚫 ================================================================= 🚫


🚫 ================================================================= 🚫
    ERROR: Invalid Commit Message Format
    Your commit was blocked because it doesn't follow the rules.
    You MUST start your message with a type (feat:, fix:, chore:, etc)

    ✅ CORRECT: git commit -m "feat: added new login button"
    ❌ WRONG:   git commit -m "added new login button"
🚫 ================================================================= 🚫

